// Jest Snapshot v1, https://goo.gl/fbAQLP

exports[`Page should render 1`] = `
<div>
  <div
    class="container"
  >
    <h1>
      Cat√°logo
    </h1>
    <div
      class="productList"
    >
      <div
        class="productItem"
      >
        <a
          href="/l/pdp/1"
        >
          <img
            alt="name1"
            src="/api/image/1"
          />
        </a>
        <p>
          Nombre: 
          name1
        </p>
        <p>
          Precio: $
          1000
        </p>
        <p>
          Cantidad disponible: 
          1
        </p>
      </div>
    </div>
  </div>
</div>
`;
